[2025-10-05 11:34:12,051] 160 numexpr.utils - INFO - NumExpr defaulting to 4 threads.
[2025-10-05 11:34:19,432] 20 root - INFO - Initiate data ingestion
[2025-10-05 11:34:46,108] 54 root - INFO - MongoDB connection closed.
[2025-10-05 11:34:47,374] 74 root - INFO - performed train test split
[2025-10-05 11:34:47,374] 75 root - INFO - Exited split data
[2025-10-05 11:34:47,374] 78 root - INFO - exporting train test file path
[2025-10-05 11:34:47,374] 80 root - INFO - Performed train test split on dataframe with shape: (20000, 50)
[2025-10-05 11:34:47,374] 81 root - INFO - Train set has shape: (16000, 50)
[2025-10-05 11:34:47,374] 82 root - INFO - Test set has shape: (4000, 50)
[2025-10-05 11:34:48,540] 89 root - INFO - exported train test files
[2025-10-05 11:34:48,540] 22 root - INFO - data initiation completed
[2025-10-05 11:34:48,561] 26 root - INFO - initiating the data validation
[2025-10-05 11:34:48,923] 41 root - INFO - Required number of columns: 50
[2025-10-05 11:34:48,923] 42 root - INFO - Dataframe has columns: 50
[2025-10-05 11:34:48,923] 41 root - INFO - Required number of columns: 50
[2025-10-05 11:34:48,923] 42 root - INFO - Dataframe has columns: 50
[2025-10-05 11:34:50,557] 135 root - INFO - Data validation artifact: DataValidationArtifact(validation_status=True, valid_train_file_path='Artifacts\\10_05_2025_11_34_13\\data_validation\\validated\\train.csv', valid_test_file_path='Artifacts\\10_05_2025_11_34_13\\data_validation\\validated\\test.csv', invalid_train_file_path=None, invalid_test_file_path=None, drift_report_file_path='Artifacts\\10_05_2025_11_34_13\\data_validation\\drift_report\\report.yml')
[2025-10-05 11:34:50,574] 28 root - INFO - data validation completed
[2025-10-05 11:34:50,574] 30 root - INFO - data validation completed
[2025-10-05 11:34:50,574] 32 root - INFO - data transformation initiated
[2025-10-05 11:34:50,574] 45 root - INFO - entered initiate data transformation method
[2025-10-05 11:34:50,574] 47 root - INFO - starting data transformation
[2025-10-05 11:34:50,875] 34 root - INFO - entered get transformer object method
[2025-10-05 11:34:50,875] 37 root - INFO - initialised knn imputer
[2025-10-05 11:34:50,907] 65 root - INFO - entered the save object method
[2025-10-05 11:34:50,925] 69 root - INFO - exited save object
