[2025-10-05 10:01:31,936] 160 numexpr.utils - INFO - NumExpr defaulting to 4 threads.
[2025-10-05 10:01:38,652] 20 root - INFO - Initiate data ingestion
[2025-10-05 10:01:47,810] 54 root - INFO - MongoDB connection closed.
[2025-10-05 10:01:49,104] 74 root - INFO - performed train test split
[2025-10-05 10:01:49,105] 75 root - INFO - Exited split data
[2025-10-05 10:01:49,106] 78 root - INFO - exporting train test file path
[2025-10-05 10:01:49,106] 80 root - INFO - Performed train test split on dataframe with shape: (20000, 50)
[2025-10-05 10:01:49,106] 81 root - INFO - Train set has shape: (16000, 50)
[2025-10-05 10:01:49,107] 82 root - INFO - Test set has shape: (4000, 50)
[2025-10-05 10:01:50,179] 89 root - INFO - exported train test files
[2025-10-05 10:01:50,182] 22 root - INFO - data initiation completed
[2025-10-05 10:01:50,196] 26 root - INFO - initiating the data validation
[2025-10-05 10:01:50,582] 41 root - INFO - Required number of columns: 50
[2025-10-05 10:01:50,582] 42 root - INFO - Dataframe has columns: 50
[2025-10-05 10:01:50,582] 41 root - INFO - Required number of columns: 50
[2025-10-05 10:01:50,582] 42 root - INFO - Dataframe has columns: 50
[2025-10-05 10:01:52,030] 135 root - INFO - Data validation artifact: DataValidationArtifact(validation_status=True, valid_train_file_path='Artifacts\\10_05_2025_10_01_32\\data_validation\\validated\\train.csv', valid_test_file_path='Artifacts\\10_05_2025_10_01_32\\data_validation\\validated\\test.csv', invalid_train_file_path=None, invalid_test_file_path=None, drift_report_file_path='Artifacts\\10_05_2025_10_01_32\\data_validation\\drift_report\\report.yml')
[2025-10-05 10:01:52,032] 28 root - INFO - data validation completed
[2025-10-05 10:01:52,032] 30 root - INFO - data validation completed
[2025-10-05 10:01:52,032] 32 root - INFO - data transformation initiated
[2025-10-05 10:01:52,033] 45 root - INFO - entered initiate data transformation method
[2025-10-05 10:01:52,033] 47 root - INFO - starting data transformation
[2025-10-05 10:01:52,454] 34 root - INFO - entered get transformer object method
[2025-10-05 10:01:52,454] 37 root - INFO - initialised knn imputer
[2025-10-05 10:01:52,511] 65 root - INFO - entered the save object method
[2025-10-05 10:01:52,526] 69 root - INFO - exited save object
[2025-10-05 10:01:52,536] 36 root - INFO - data transformation completed
[2025-10-05 10:01:52,536] 37 root - INFO - model training started
