[2025-10-05 11:36:00,262] 160 numexpr.utils - INFO - NumExpr defaulting to 4 threads.
[2025-10-05 11:36:06,796] 20 root - INFO - Initiate data ingestion
[2025-10-05 11:36:43,542] 54 root - INFO - MongoDB connection closed.
[2025-10-05 11:36:44,909] 74 root - INFO - performed train test split
[2025-10-05 11:36:44,909] 75 root - INFO - Exited split data
[2025-10-05 11:36:44,927] 78 root - INFO - exporting train test file path
[2025-10-05 11:36:44,927] 80 root - INFO - Performed train test split on dataframe with shape: (20000, 50)
[2025-10-05 11:36:44,927] 81 root - INFO - Train set has shape: (16000, 50)
[2025-10-05 11:36:44,961] 82 root - INFO - Test set has shape: (4000, 50)
[2025-10-05 11:36:46,091] 89 root - INFO - exported train test files
[2025-10-05 11:36:46,091] 22 root - INFO - data initiation completed
[2025-10-05 11:36:46,109] 26 root - INFO - initiating the data validation
[2025-10-05 11:36:46,543] 41 root - INFO - Required number of columns: 50
[2025-10-05 11:36:46,543] 42 root - INFO - Dataframe has columns: 50
[2025-10-05 11:36:46,543] 41 root - INFO - Required number of columns: 50
[2025-10-05 11:36:46,543] 42 root - INFO - Dataframe has columns: 50
[2025-10-05 11:36:46,976] 111 root - WARNING - Data drift detected between train and test datasets.
[2025-10-05 11:36:48,126] 135 root - INFO - Data validation artifact: DataValidationArtifact(validation_status=False, valid_train_file_path='Artifacts\\10_05_2025_11_36_01\\data_validation\\validated\\train.csv', valid_test_file_path='Artifacts\\10_05_2025_11_36_01\\data_validation\\validated\\test.csv', invalid_train_file_path=None, invalid_test_file_path=None, drift_report_file_path='Artifacts\\10_05_2025_11_36_01\\data_validation\\drift_report\\report.yml')
[2025-10-05 11:36:48,126] 28 root - INFO - data validation completed
[2025-10-05 11:36:48,126] 30 root - INFO - data validation completed
[2025-10-05 11:36:48,126] 32 root - INFO - data transformation initiated
[2025-10-05 11:36:48,126] 45 root - INFO - entered initiate data transformation method
[2025-10-05 11:36:48,126] 47 root - INFO - starting data transformation
[2025-10-05 11:36:48,409] 34 root - INFO - entered get transformer object method
[2025-10-05 11:36:48,409] 37 root - INFO - initialised knn imputer
[2025-10-05 11:36:48,549] 65 root - INFO - entered the save object method
[2025-10-05 11:36:48,578] 69 root - INFO - exited save object
[2025-10-05 11:36:48,594] 36 root - INFO - data transformation completed
[2025-10-05 11:36:48,594] 37 root - INFO - model training started
[2025-10-05 11:37:13,318] 65 root - INFO - entered the save object method
[2025-10-05 11:37:13,370] 69 root - INFO - exited save object
[2025-10-05 11:37:13,385] 93 root - INFO - model trainer artifact: {model_trainer_artifact}
[2025-10-05 11:37:13,386] 42 root - INFO - model trainer artifact created
