[2025-10-05 11:28:46,822] 20 root - INFO - Initiate data ingestion
[2025-10-05 11:29:04,646] 54 root - INFO - MongoDB connection closed.
[2025-10-05 11:29:06,670] 74 root - INFO - performed train test split
[2025-10-05 11:29:06,670] 75 root - INFO - Exited split data
[2025-10-05 11:29:06,670] 78 root - INFO - exporting train test file path
[2025-10-05 11:29:06,670] 80 root - INFO - Performed train test split on dataframe with shape: (20000, 50)
[2025-10-05 11:29:06,670] 81 root - INFO - Train set has shape: (16000, 50)
[2025-10-05 11:29:06,670] 82 root - INFO - Test set has shape: (4000, 50)
[2025-10-05 11:29:07,805] 89 root - INFO - exported train test files
[2025-10-05 11:29:07,805] 22 root - INFO - data initiation completed
[2025-10-05 11:29:07,822] 26 root - INFO - initiating the data validation
[2025-10-05 11:29:08,122] 41 root - INFO - Required number of columns: 50
[2025-10-05 11:29:08,122] 42 root - INFO - Dataframe has columns: 50
[2025-10-05 11:29:08,122] 41 root - INFO - Required number of columns: 50
[2025-10-05 11:29:08,122] 42 root - INFO - Dataframe has columns: 50
[2025-10-05 11:29:10,430] 135 root - INFO - Data validation artifact: DataValidationArtifact(validation_status=True, valid_train_file_path='Artifacts\\10_05_2025_11_28_25\\data_validation\\validated\\train.csv', valid_test_file_path='Artifacts\\10_05_2025_11_28_25\\data_validation\\validated\\test.csv', invalid_train_file_path=None, invalid_test_file_path=None, drift_report_file_path='Artifacts\\10_05_2025_11_28_25\\data_validation\\drift_report\\report.yml')
[2025-10-05 11:29:10,438] 28 root - INFO - data validation completed
[2025-10-05 11:29:10,438] 30 root - INFO - data validation completed
[2025-10-05 11:29:10,438] 32 root - INFO - data transformation initiated
[2025-10-05 11:29:10,438] 45 root - INFO - entered initiate data transformation method
[2025-10-05 11:29:10,446] 47 root - INFO - starting data transformation
[2025-10-05 11:29:10,792] 34 root - INFO - entered get transformer object method
[2025-10-05 11:29:10,792] 37 root - INFO - initialised knn imputer
[2025-10-05 11:29:10,844] 65 root - INFO - entered the save object method
[2025-10-05 11:29:10,858] 69 root - INFO - exited save object
