[2025-10-05 10:09:03,118] 160 numexpr.utils - INFO - NumExpr defaulting to 4 threads.
[2025-10-05 10:09:10,293] 20 root - INFO - Initiate data ingestion
[2025-10-05 10:09:21,921] 54 root - INFO - MongoDB connection closed.
[2025-10-05 10:09:23,978] 74 root - INFO - performed train test split
[2025-10-05 10:09:23,978] 75 root - INFO - Exited split data
[2025-10-05 10:09:23,979] 78 root - INFO - exporting train test file path
[2025-10-05 10:09:23,979] 80 root - INFO - Performed train test split on dataframe with shape: (20000, 50)
[2025-10-05 10:09:23,979] 81 root - INFO - Train set has shape: (16000, 50)
[2025-10-05 10:09:23,980] 82 root - INFO - Test set has shape: (4000, 50)
[2025-10-05 10:09:25,020] 89 root - INFO - exported train test files
[2025-10-05 10:09:25,023] 22 root - INFO - data initiation completed
[2025-10-05 10:09:25,037] 26 root - INFO - initiating the data validation
[2025-10-05 10:09:25,358] 41 root - INFO - Required number of columns: 50
[2025-10-05 10:09:25,359] 42 root - INFO - Dataframe has columns: 50
[2025-10-05 10:09:25,359] 41 root - INFO - Required number of columns: 50
[2025-10-05 10:09:25,359] 42 root - INFO - Dataframe has columns: 50
[2025-10-05 10:09:25,783] 111 root - WARNING - Data drift detected between train and test datasets.
[2025-10-05 10:09:26,849] 135 root - INFO - Data validation artifact: DataValidationArtifact(validation_status=False, valid_train_file_path='Artifacts\\10_05_2025_10_09_04\\data_validation\\validated\\train.csv', valid_test_file_path='Artifacts\\10_05_2025_10_09_04\\data_validation\\validated\\test.csv', invalid_train_file_path=None, invalid_test_file_path=None, drift_report_file_path='Artifacts\\10_05_2025_10_09_04\\data_validation\\drift_report\\report.yml')
[2025-10-05 10:09:26,851] 28 root - INFO - data validation completed
[2025-10-05 10:09:26,852] 30 root - INFO - data validation completed
[2025-10-05 10:09:26,852] 32 root - INFO - data transformation initiated
[2025-10-05 10:09:26,852] 45 root - INFO - entered initiate data transformation method
[2025-10-05 10:09:26,852] 47 root - INFO - starting data transformation
[2025-10-05 10:09:27,109] 34 root - INFO - entered get transformer object method
[2025-10-05 10:09:27,109] 37 root - INFO - initialised knn imputer
[2025-10-05 10:09:27,152] 65 root - INFO - entered the save object method
[2025-10-05 10:09:27,164] 69 root - INFO - exited save object
